//
// AUTO-GENERATED FILE. DO NOT MODIFY.
//
// This class was automatically generated by Apollo GraphQL version '$VERSION'.
//
package com.example.fragment_with_multiple_fieldsets;

import com.apollographql.apollo3.api.Adapter;
import com.apollographql.apollo3.api.CompiledField;
import com.apollographql.apollo3.api.CustomScalarAdapters;
import com.apollographql.apollo3.api.ObjectAdapter;
import com.apollographql.apollo3.api.Query;
import com.apollographql.apollo3.api.json.JsonWriter;
import com.example.fragment_with_multiple_fieldsets.adapter.TestQuery_ResponseAdapter;
import com.example.fragment_with_multiple_fieldsets.fragment.IFragment;
import com.example.fragment_with_multiple_fieldsets.selections.TestQuerySelections;
import java.io.IOException;
import java.lang.Object;
import java.lang.Override;
import java.lang.String;

public class TestQuery implements Query<TestQuery.Data> {
  public static final String OPERATION_ID = "9ed49443d03b9a59ee1a425da32c1f5b0f2ba77316cc81573faab9960e6d7013";

  /**
   * The minimized GraphQL document being sent to the server to save a few bytes.
   * The un-minimized version is:
   *
   * query TestQuery {
   *   i {
   *     ...iFragment
   *   }
   * }
   *
   * fragment iFragment on I {
   *   __typename
   *   ... on A {
   *     fieldA
   *   }
   * }
   */
  public static final String OPERATION_DOCUMENT = "query TestQuery { i { ...iFragment } }  fragment iFragment on I { __typename ... on A { fieldA } }";

  public static final String OPERATION_NAME = "TestQuery";

  private transient volatile int $hashCode;

  private transient volatile boolean $hashCodeMemoized;

  private transient volatile String $toString;

  public TestQuery() {

  }

  @Override
  public boolean equals(Object o) {
    if (o == this) {
      return true;
    }
    if (o instanceof TestQuery) {
      return true;
    }
    return false;
  }

  @Override
  public int hashCode() {
    if (!$hashCodeMemoized) {
      int h = 1;
      $hashCode = h;
      $hashCodeMemoized = true;
    }
    return $hashCode;
  }

  @Override
  public String toString() {
    if ($toString == null) {
      $toString = "TestQuery{"
        + "}";
    }
    return $toString;
  }

  @Override
  public String id() {
    return OPERATION_ID;
  }

  @Override
  public String document() {
    return OPERATION_DOCUMENT;
  }

  @Override
  public String name() {
    return OPERATION_NAME;
  }

  @Override
  public void serializeVariables(JsonWriter writer, CustomScalarAdapters customScalarAdapters)
      throws IOException {
    // This operation doesn't have any variable
  }

  @Override
  public Adapter<Data> adapter() {
    return new ObjectAdapter<Data>(TestQuery_ResponseAdapter.Data.INSTANCE, false);
  }

  @Override
  public CompiledField rootField() {
    return new CompiledField.Builder(
      "data",
      com.example.fragment_with_multiple_fieldsets.type.Query.type
    )
    .selections(TestQuerySelections.root)
    .build();
  }

  public static class Data implements Query.Data {
    public I i;

    private transient volatile int $hashCode;

    private transient volatile boolean $hashCodeMemoized;

    private transient volatile String $toString;

    public Data(I i) {
      this.i = i;
    }

    @Override
    public boolean equals(Object o) {
      if (o == this) {
        return true;
      }
      if (o instanceof Data) {
        Data that = (Data) o;
        return ((this.i == null) ? (that.i == null) : this.i.equals(that.i));
      }
      return false;
    }

    @Override
    public int hashCode() {
      if (!$hashCodeMemoized) {
        int h = 1;
        h *= 1000003;
        h ^= (i == null) ? 0 : i.hashCode();
        $hashCode = h;
        $hashCodeMemoized = true;
      }
      return $hashCode;
    }

    @Override
    public String toString() {
      if ($toString == null) {
        $toString = "Data{"
          + "i=" + i
          + "}";
      }
      return $toString;
    }
  }

  public static class I {
    /**
     * Synthetic field for 'iFragment'
     */
    public IFragment iFragment;

    private transient volatile int $hashCode;

    private transient volatile boolean $hashCodeMemoized;

    private transient volatile String $toString;

    public I(IFragment iFragment) {
      this.iFragment = iFragment;
    }

    @Override
    public boolean equals(Object o) {
      if (o == this) {
        return true;
      }
      if (o instanceof I) {
        I that = (I) o;
        return ((this.iFragment == null) ? (that.iFragment == null) : this.iFragment.equals(that.iFragment));
      }
      return false;
    }

    @Override
    public int hashCode() {
      if (!$hashCodeMemoized) {
        int h = 1;
        h *= 1000003;
        h ^= (iFragment == null) ? 0 : iFragment.hashCode();
        $hashCode = h;
        $hashCodeMemoized = true;
      }
      return $hashCode;
    }

    @Override
    public String toString() {
      if ($toString == null) {
        $toString = "I{"
          + "iFragment=" + iFragment
          + "}";
      }
      return $toString;
    }
  }
}
