//
// AUTO-GENERATED FILE. DO NOT MODIFY.
//
// This class was automatically generated by Apollo GraphQL version '$VERSION'.
//
package com.example.fieldset_with_multiple_super

import com.apollographql.apollo3.api.Adapter
import com.apollographql.apollo3.api.CompiledField
import com.apollographql.apollo3.api.CustomScalarAdapters
import com.apollographql.apollo3.api.Query
import com.apollographql.apollo3.api.json.JsonWriter
import com.apollographql.apollo3.api.obj
import com.example.fieldset_with_multiple_super.adapter.TestQuery_ResponseAdapter
import com.example.fieldset_with_multiple_super.selections.TestQuerySelections
import kotlin.String
import kotlin.Unit

public class TestQuery() : Query<TestQuery.Data> {
  public override fun id(): String = OPERATION_ID

  public override fun document(): String = OPERATION_DOCUMENT

  public override fun name(): String = OPERATION_NAME

  public override fun serializeVariables(writer: JsonWriter,
      customScalarAdapters: CustomScalarAdapters): Unit {
    // This operation doesn't have any variable
  }

  public override fun adapter(): Adapter<Data> {
    return TestQuery_ResponseAdapter.Data.obj()
  }

  public override fun rootField(): CompiledField = CompiledField.Builder(
    name = "data",
    type = com.example.fieldset_with_multiple_super.type.Query.type
  )
  .selections(selections = TestQuerySelections.root)
  .build()

  public data class Data(
    public val c: C?
  ) : Query.Data

  public data class C(
    public val __typename: String,
    /**
     * Synthetic field for inline fragment on A
     */
    public val asA: AsA?
  )

  public data class AsA(
    public val __typename: String,
    public val fieldA1: String?,
    /**
     * Synthetic field for inline fragment on B
     */
    public val asB: AsB?
  )

  public data class AsB(
    public val __typename: String,
    public val fieldA1: String?,
    public val fieldB1: String?
  )

  public companion object {
    public const val OPERATION_ID: String =
        "fcf97ed0a84cba61041468e099af495a8b9e37187f8fd35b9ddfd486c375fb0b"

    /**
     * The minimized GraphQL document being sent to the server to save a few bytes.
     * The un-minimized version is:
     *
     * query TestQuery {
     *   c {
     *     __typename
     *     ... on A {
     *       __typename
     *       fieldA1
     *       ... on B {
     *         fieldB1
     *       }
     *     }
     *   }
     * }
     */
    public const val OPERATION_DOCUMENT: String =
        "query TestQuery { c { __typename ... on A { __typename fieldA1 ... on B { fieldB1 } } } }"

    public const val OPERATION_NAME: String = "TestQuery"
  }
}
