//
// AUTO-GENERATED FILE. DO NOT MODIFY.
//
// This class was automatically generated by Apollo GraphQL version '$VERSION'.
//
package com.example.fragment_with_inline_fragment

import com.apollographql.apollo3.api.Adapter
import com.apollographql.apollo3.api.CompiledField
import com.apollographql.apollo3.api.CustomScalarAdapters
import com.apollographql.apollo3.api.Query
import com.apollographql.apollo3.api.json.JsonWriter
import com.apollographql.apollo3.api.obj
import com.example.fragment_with_inline_fragment.adapter.TestQuery_ResponseAdapter
import com.example.fragment_with_inline_fragment.fragment.HeroDetails
import com.example.fragment_with_inline_fragment.selections.TestQuerySelections
import com.example.fragment_with_inline_fragment.type.Episode
import kotlin.String
import kotlin.Unit
import kotlin.collections.List

public class TestQuery() : Query<TestQuery.Data> {
  public override fun id(): String = OPERATION_ID

  public override fun document(): String = OPERATION_DOCUMENT

  public override fun name(): String = OPERATION_NAME

  public override fun serializeVariables(writer: JsonWriter,
      customScalarAdapters: CustomScalarAdapters): Unit {
    // This operation doesn't have any variable
  }

  public override fun adapter(): Adapter<Data> {
    return TestQuery_ResponseAdapter.Data.obj()
  }

  public override fun rootField(): CompiledField = CompiledField.Builder(
    name = "data",
    type = com.example.fragment_with_inline_fragment.type.Query.type
  )
  .selections(selections = TestQuerySelections.root)
  .build()

  public data class Data(
    public val hero: Hero?
  ) : Query.Data

  public data class Hero(
    /**
     * The name of the character
     */
    public val name: String,
    /**
     * The movies this character appears in
     */
    public val appearsIn: List<Episode?>,
    /**
     * Synthetic field for grouping fragments
     */
    public val fragments: Fragments
  ) {
    public fun appearsInFilterNotNull(): List<Episode> = appearsIn.filterNotNull()

    public data class Fragments(
      /**
       * Synthetic field for 'HeroDetails'
       */
      public val heroDetails: HeroDetails
    )
  }

  public companion object {
    public const val OPERATION_ID: String =
        "d4a982e31f9a270108ca7d063df99912ee7a9f83893af5855e3a338663e8abc7"

    /**
     * The minimized GraphQL document being sent to the server to save a few bytes.
     * The un-minimized version is:
     *
     * query TestQuery {
     *   hero {
     *     name
     *     ...HeroDetails
     *     appearsIn
     *   }
     * }
     *
     * fragment HumanDetails on Human {
     *   name
     * }
     *
     * fragment DroidDetails on Droid {
     *   name
     *   primaryFunction
     * }
     *
     * fragment HeroDetails on Character {
     *   __typename
     *   ...HumanDetails
     *   ... on Droid {
     *     ...DroidDetails
     *   }
     *   name
     *   friendsConnection {
     *     totalCount
     *     edges {
     *       node {
     *         name
     *       }
     *     }
     *   }
     * }
     */
    public const val OPERATION_DOCUMENT: String =
        "query TestQuery { hero { name ...HeroDetails appearsIn } }  fragment HumanDetails on Human { name }  fragment DroidDetails on Droid { name primaryFunction }  fragment HeroDetails on Character { __typename ...HumanDetails ... on Droid { ...DroidDetails } name friendsConnection { totalCount edges { node { name } } } }"

    public const val OPERATION_NAME: String = "TestQuery"
  }
}
