//
// AUTO-GENERATED FILE. DO NOT MODIFY.
//
// This class was automatically generated by Apollo GraphQL version '$VERSION'.
//
package com.example.root_query_fragment.adapter;

import com.apollographql.apollo3.api.Adapter;
import com.apollographql.apollo3.api.CustomScalarAdapters;
import com.apollographql.apollo3.api.json.JsonReader;
import com.apollographql.apollo3.api.json.JsonWriter;
import com.example.root_query_fragment.TestQuery;
import com.example.root_query_fragment.fragment.QueryFragment;
import java.io.IOException;
import java.lang.Override;
import java.lang.String;
import java.util.Collections;
import java.util.List;

public class TestQuery_ResponseAdapter {
  public enum Data implements Adapter<TestQuery.Data> {
    INSTANCE;

    private static final List<String> RESPONSE_NAMES = Collections.emptyList();

    @Override
    public TestQuery.Data fromJson(JsonReader reader, CustomScalarAdapters customScalarAdapters)
        throws IOException {


      loop:
      while(true) {
        switch (reader.selectName(RESPONSE_NAMES)) {

          default: break loop;
        }
      }

      reader.rewind();
      QueryFragment queryFragment = com.example.root_query_fragment.fragment.QueryFragmentImpl_ResponseAdapter.QueryFragment.INSTANCE.fromJson(reader, customScalarAdapters);

      return new TestQuery.Data(
        queryFragment
      );
    }

    @Override
    public void toJson(JsonWriter writer, CustomScalarAdapters customScalarAdapters,
        TestQuery.Data value) throws IOException {
      com.example.root_query_fragment.fragment.QueryFragmentImpl_ResponseAdapter.QueryFragment.INSTANCE.toJson(writer, customScalarAdapters, value.queryFragment);
    }
  }
}
